// Jest Snapshot v1, https://goo.gl/fbAQLP

exports[`GifExpertApp debe mostrar el componente correctamente 1`] = `
<Fragment>
  <h2>
    GifExpertApp
  </h2>
  <AddCategory
    setCategories={[Function]}
  />
  <hr />
  <ol />
</Fragment>
`;

exports[`GifExpertApp debe mostrar una lista de categor√≠as 1`] = `
<Fragment>
  <h2>
    GifExpertApp
  </h2>
  <AddCategory
    setCategories={[Function]}
  />
  <hr />
  <ol>
    <GifGrid
      category="One punch"
      key="One punch"
    />
    <GifGrid
      category="Dragon ball"
      key="Dragon ball"
    />
  </ol>
</Fragment>
`;
