// Jest Snapshot v1, https://goo.gl/fbAQLP

exports[`GifGridItem test debe mostrar correctamente el componente 1`] = `
<div
  className="card animate__animated animate__fadeIn"
>
  <p>
    Un título
  </p>
  <img
    alt="Un título"
    src="http://localhost/algo.jpg"
  />
</div>
`;
